// Jest Snapshot v1, https://goo.gl/fbAQLP

exports[`routes/v1/postMessage correctly handles request 1`] = `
Object {
  "body": Object {
    "additionalProperties": false,
    "errorMessage": Object {
      "type": "must be a valid object.",
    },
    "properties": Object {
      "message": Object {
        "type": "string",
      },
    },
    "required": Array [
      "message",
    ],
    "type": "object",
  },
  "response": Object {
    "200": Object {
      "type": "string",
    },
  },
}
`;
