// Jest Snapshot v1, https://goo.gl/fbAQLP

exports[`pages/ErrorPage renders correctly - basic 1`] = `
<div>
  Error.object
</div>
`;
