// Jest Snapshot v1, https://goo.gl/fbAQLP

exports[`pages/Error renders correctly - basic 1`] = `
<div>
  <div>
    Error.
    object
  </div>
</div>
`;
