// Jest Snapshot v1, https://goo.gl/fbAQLP

exports[`pages/Home renders correctly - basic 1`] = `
<p>
  <img
    alt="test"
    src="file"
  />
  <img
    alt="test"
    src="file"
  />
  Test
</p>
`;
