// Jest Snapshot v1, https://goo.gl/fbAQLP

exports[`components/AppMessage renders correctly - basic 1`] = `
<p>
  <img
    alt="test"
    src="file"
  />
  <img
    alt="test"
    src="file"
  />
   test
</p>
`;
