// Jest Snapshot v1, https://goo.gl/fbAQLP

exports[`components/Loader renders correctly - basic 1`] = `
<div>
  <div>
    Loading...
  </div>
</div>
`;
