// Jest Snapshot v1, https://goo.gl/fbAQLP

exports[`components/AppMessage renders correctly - basic 1`] = `
<div>
  <p>
    <img
      alt="test"
      class="svelte-1int8dr"
    />
     
    <img
      alt="test"
      class="svelte-1int8dr"
    />
     
    test
  </p>
</div>
`;
